<html>
<body>
<pre>
<h1>礦ision Build Log</h1>
<h2>Project:</h2>
C:\Users\Administrator\Desktop\CAN通讯实验-ST7793\user\Template.uvproj
Project File Date:  08/08/2016

<h2>Output:</h2>
Rebuild target 'Target 1'
compiling main.c...
compiling stm32f10x_it.c...
compiling system_stm32f10x.c...
compiling delay.c...
compiling sys.c...
compiling usart.c...
compiling core_cm3.c...
assembling startup_stm32f10x_hd.s...
compiling misc.c...
compiling stm32f10x_gpio.c...
compiling stm32f10x_rcc.c...
compiling stm32f10x_usart.c...
compiling stm32f10x_exti.c...
compiling stm32f10x_iwdg.c...
compiling stm32f10x_wwdg.c...
compiling stm32f10x_tim.c...
compiling stm32f10x_fsmc.c...
compiling stm32f10x_bkp.c...
compiling stm32f10x_rtc.c...
compiling stm32f10x_pwr.c...
compiling stm32f10x_adc.c...
compiling stm32f10x_dac.c...
compiling stm32f10x_dma.c...
compiling stm32f10x_spi.c...
compiling stm32f10x_can.c...
compiling led.c...
compiling lcd_driver.c...
compiling gui.c...
compiling can.c...
compiling button.c...
linking...
Program Size: Code=11300 RO-data=1872 RW-data=60 ZI-data=1836  
FromELF: creating hex file...
"..\obj\Template.axf" - 0 Error(s), 0 Warning(s).
</pre>
</body>
</html>
