C51 COMPILER V9.01   LED                                                                   05/11/2024 15:40:08 PAGE 1   


C51 COMPILER V9.01, COMPILATION OF MODULE LED
OBJECT MODULE PLACED IN ..\output\led.obj
COMPILER INVOKED BY: C:\Keil\C51\BIN\C51.EXE ..\bsp\led\led.c BROWSE INCDIR(..\bsp;..\public;..\bsp\led;..\bsp\key;..\bs
                    -p\smg;..\bsp\step_motor;..\bsp\iic;..\bsp\24c02;..\bsp\lcd1602;..\bsp\timer) DEBUG OBJECTEXTEND PRINT(.\led.lst) OBJECT(
                    -..\output\led.obj)

line level    source

   1          #include "public.h"
   2          
   3          /***************************
   4          函数名称：void leds_show_init(void)
   5          函数功能：点亮LED
   6          输入    : void
   7          输出    ：void
   8          ***************************/
   9          void leds_show_init()
  10          {
  11   1              LEDS_PORT=0xFF;
  12   1      }
  13          /***************************
  14          函数名称：void leds_show_on(void)
  15          函数功能：点亮LED
  16          输入    : void
  17          输出    ：void
  18          ***************************/
  19          void leds_show_on()
  20          {
  21   1              LEDS_PORT=0x00;
  22   1      }
  23          /***************************
  24          函数名称：void leds_show_off(void)
  25          函数功能：点亮LED
  26          输入    : void
  27          输出    ：void
  28          ***************************/
  29          void leds_show_off()
  30          {
  31   1              LEDS_PORT=0xFF;
  32   1      }
  33          /***************************
  34          函数名称：void leds_show_run(void)
  35          函数功能：点亮LED
  36          输入    : void
  37          输出    ：void
  38          ***************************/
  39          void leds_show_run()
  40          {
  41   1              u8 i=0;
  42   1              for(i=0;i<8;i++)
  43   1              {
  44   2                              /*
  45   2                              方法1：使用(0xfe<<i)
  46   2                              D8      |D7     |D6     |D5     |D4     |D3     |D2     |D1     |
  47   2                              P27     |P26|P25|P24|P23|P22|P21|P20|
  48   2                              i=0: (0xfe<<i)
  49   2                              1       |1      |1      |1      |1      |1      |1      |0      |
  50   2                              i=1:
  51   2                              1       |1      |1      |1      |1      |1      |0      |0      |
  52   2                              i=2:
  53   2                              1       |1      |1      |1      |1      |0      |0      |0      |
C51 COMPILER V9.01   LED                                                                   05/11/2024 15:40:08 PAGE 2   

  54   2                              结论：该方法：不行
  55   2                              ********************************
  56   2                              D8      |D7     |D6     |D5     |D4     |D3     |D2     |D1     |
  57   2                              P27     |P26|P25|P24|P23|P22|P21|P20|
  58   2                              i=0: (0x01<<i)
  59   2                              0       |0      |0      |0      |0      |0      |0      |1      |
  60   2                              i=0: ~(0x01<<i)
  61   2                              1       |1      |1      |1      |1      |1      |1      |0      |
  62   2                              ---------------------------------
  63   2                              i=1: (0x01<<i)
  64   2                              0       |0      |0      |0      |0      |0      |1      |0      |
  65   2                              i=1: ~(0x01<<i)
  66   2                              1       |1      |1      |1      |1      |1      |0      |1      |
  67   2                              ---------------------------------
  68   2                              i=2: (0x01<<i)
  69   2                              0       |0      |0      |0      |0      |1      |0      |0      |
  70   2                              i=2: ~(0x01<<i)
  71   2                              1       |1      |1      |1      |1      |0      |1      |1      |
  72   2                              ---------------------------------
  73   2                              i=3: (0x01<<i)
  74   2                              0       |0      |0      |0      |1      |0      |0      |0      |
  75   2                              i=3: ~(0x01<<i)
  76   2                              1       |1      |1      |1      |0      |1      |1      |1      |
  77   2                              ---------------------------------
  78   2                              i=4: (0x01<<i)
  79   2                              0       |0      |0      |1      |0      |0      |0      |0      |
  80   2                              i=4: ~(0x01<<i)
  81   2                              1       |1      |1      |0      |1      |1      |1      |1      |
  82   2                              ---------------------------------
  83   2                              i=5: (0x01<<i)
  84   2                              0       |0      |1      |0      |0      |0      |0      |0      |
  85   2                              i=5: ~(0x01<<i)
  86   2                              1       |1      |0      |1      |1      |1      |1      |1      |
  87   2                              ---------------------------------
  88   2                              ---------------------------------
  89   2                              i=6: (0x01<<i)
  90   2                              0       |1      |0      |0      |0      |0      |0      |0      |
  91   2                              i=6: ~(0x01<<i)
  92   2                              1       |0      |1      |1      |1      |1      |1      |1      |
  93   2                              ---------------------------------
  94   2                              i=7: (0x01<<i)
  95   2                              1       |0      |0      |0      |0      |0      |0      |0      |
  96   2                              i=7: ~(0x01<<i)
  97   2                              0       |1      |1      |1      |1      |1      |1      |1      |
  98   2                              ---------------------------------
  99   2                              */
 100   2                              LEDS_PORT=~(0x01<<i);
 101   2                              delay_10us(50000);
 102   2              }               
 103   1      }
 104          


MODULE INFORMATION:   STATIC OVERLAYABLE
   CODE SIZE        =     50    ----
   CONSTANT SIZE    =   ----    ----
   XDATA SIZE       =   ----    ----
   PDATA SIZE       =   ----    ----
   DATA SIZE        =   ----       1
   IDATA SIZE       =   ----    ----
   BIT SIZE         =   ----    ----
END OF MODULE INFORMATION.

C51 COMPILER V9.01   LED                                                                   05/11/2024 15:40:08 PAGE 3   


C51 COMPILATION COMPLETE.  0 WARNING(S),  0 ERROR(S)
